// Jest Snapshot v1, https://goo.gl/fbAQLP

exports[`ListingListItem matches snapshot 1`] = `
<ContextConsumer>
  <Component />
</ContextConsumer>
`;

exports[`ListingListItem should render the component 1`] = `ShallowWrapper {}`;
