// Jest Snapshot v1, https://goo.gl/fbAQLP

exports[`ContactDetailsPage matches snapshot 1`] = `
<Connect(Page)
  scrollingDisabled={false}
  title="ManageListingsPage.title"
>
  <LayoutSingleColumn
    className={null}
    rootClassName={null}
  >
    <LayoutWrapperTopbar
      className={null}
      rootClassName={null}
    >
      <withRouter(Connect(TopbarContainerComponent))
        currentPage="ManageListingsPage"
      />
    </LayoutWrapperTopbar>
    <LayoutWrapperMain
      className={null}
      rootClassName={null}
    >
      <div
        className="listingPanel"
      >
        <NamedLink
          className="createListingLink"
          name="NewListingPage"
        >
          <span
            className="createListing"
          >
            <MemoizedFormattedMessage
              id="ManageListingsPage.createNewListing"
            />
          </span>
        </NamedLink>
        <div
          className="listingCards"
        />
      </div>
    </LayoutWrapperMain>
    <LayoutWrapperFooter
      className={null}
      rootClassName={null}
    >
      <injectIntl(Footer) />
    </LayoutWrapperFooter>
  </LayoutSingleColumn>
</Connect(Page)>
`;
